[slidesigma.com/themes/html/mednalytics/index.html]
[backblue.gif]
[fade.gif]
[index.html]
[slidesigma.com/themes/html/mednalytics/favicon.ico]
[slidesigma.com/themes/html/mednalytics/assets/img/mednalytics-logo-216x62.png]
[slidesigma.com/themes/html/mednalytics/index-2.html]
[slidesigma.com/themes/html/mednalytics/assets/img/dashboard/doctor-3.jpg]
[slidesigma.com/themes/html/mednalytics/pages/doctor/add-doctor.html]
[slidesigma.com/themes/html/mednalytics/pages/patient/add-patient.html]
[slidesigma.com/themes/html/mednalytics/pages/doctor/doctor-list.html]
[slidesigma.com/themes/html/mednalytics/pages/patient/patient-list.html]
[slidesigma.com/themes/html/mednalytics/pages/department/add-department.html]
[slidesigma.com/themes/html/mednalytics/pages/department/department-list.html]
[slidesigma.com/themes/html/mednalytics/pages/doctor-schedule/add-schedule.html]
[slidesigma.com/themes/html/mednalytics/pages/doctor-schedule/schedule-list.html]
[slidesigma.com/themes/html/mednalytics/pages/appointment/add-appointment.html]
[slidesigma.com/themes/html/mednalytics/pages/appointment/appointment-list.html]
[slidesigma.com/themes/html/mednalytics/pages/payment/add-payment.html]
[slidesigma.com/themes/html/mednalytics/pages/payment/payment-list.html]
[slidesigma.com/themes/html/mednalytics/pages/payment/payment-invoice.html]
[slidesigma.com/themes/html/mednalytics/pages/report/patient-report.html]
[slidesigma.com/themes/html/mednalytics/pages/report/doctor-report.html]
[slidesigma.com/themes/html/mednalytics/pages/report/total-report.html]
[slidesigma.com/themes/html/mednalytics/pages/human-resource/add-employee.html]
[slidesigma.com/themes/html/mednalytics/pages/human-resource/employee-list.html]
[slidesigma.com/themes/html/mednalytics/pages/human-resource/add-nurse.html]
[slidesigma.com/themes/html/mednalytics/pages/human-resource/nurse-list.html]
[slidesigma.com/themes/html/mednalytics/pages/human-resource/add-pharmacist.html]
[slidesigma.com/themes/html/mednalytics/pages/human-resource/pharmacist-list.html]
[slidesigma.com/themes/html/mednalytics/pages/human-resource/add-representative.html]
[slidesigma.com/themes/html/mednalytics/pages/human-resource/representative-list.html]
[slidesigma.com/themes/html/mednalytics/pages/bed-manager/add-bed.html]
[slidesigma.com/themes/html/mednalytics/pages/bed-manager/bed-list.html]
[slidesigma.com/themes/html/mednalytics/pages/notice/add-notice.html]
[slidesigma.com/themes/html/mednalytics/pages/notice/notice-list.html]
[slidesigma.com/themes/html/mednalytics/pages/widgets.html]
[slidesigma.com/themes/html/mednalytics/pages/ui-basic/accordions.html]
[slidesigma.com/themes/html/mednalytics/pages/ui-basic/alerts.html]
[slidesigma.com/themes/html/mednalytics/pages/ui-basic/buttons.html]
[slidesigma.com/themes/html/mednalytics/pages/ui-basic/breadcrumbs.html]
[slidesigma.com/themes/html/mednalytics/pages/ui-basic/badges.html]
[slidesigma.com/themes/html/mednalytics/pages/ui-basic/cards.html]
[slidesigma.com/themes/html/mednalytics/pages/ui-basic/progress-bars.html]
[slidesigma.com/themes/html/mednalytics/pages/ui-basic/preloaders.html]
[slidesigma.com/themes/html/mednalytics/pages/ui-basic/pagination.html]
[slidesigma.com/themes/html/mednalytics/pages/ui-basic/tabs.html]
[slidesigma.com/themes/html/mednalytics/pages/ui-basic/typography.html]
[slidesigma.com/themes/html/mednalytics/pages/ui-advanced/draggables.html]
[slidesigma.com/themes/html/mednalytics/pages/ui-advanced/sliders.html]
[slidesigma.com/themes/html/mednalytics/pages/ui-advanced/rating.html]
[slidesigma.com/themes/html/mednalytics/pages/ui-advanced/modals.html]
[slidesigma.com/themes/html/mednalytics/pages/ui-advanced/tour.html]
[slidesigma.com/themes/html/mednalytics/pages/ui-advanced/cropper.html]
[slidesigma.com/themes/html/mednalytics/pages/ui-advanced/range-slider.html]
[slidesigma.com/themes/html/mednalytics/pages/animation.html]
[slidesigma.com/themes/html/mednalytics/pages/form/form-elements.html]
[slidesigma.com/themes/html/mednalytics/pages/form/form-layout.html]
[slidesigma.com/themes/html/mednalytics/pages/form/form-validation.html]
[slidesigma.com/themes/html/mednalytics/pages/form/form-wizard.html]
[slidesigma.com/themes/html/mednalytics/pages/charts/chartjs.html]
[slidesigma.com/themes/html/mednalytics/pages/charts/morris-charts.html]
[slidesigma.com/themes/html/mednalytics/pages/tables/basic-tables.html]
[slidesigma.com/themes/html/mednalytics/pages/tables/data-tables.html]
[slidesigma.com/themes/html/mednalytics/pages/popups/sweet-alerts.html]
[slidesigma.com/themes/html/mednalytics/pages/popups/toast.html]
[slidesigma.com/themes/html/mednalytics/pages/icons/fontawesome.html]
[slidesigma.com/themes/html/mednalytics/pages/icons/flaticons.html]
[slidesigma.com/themes/html/mednalytics/pages/icons/materialize.html]
[slidesigma.com/themes/html/mednalytics/pages/maps/google-maps.html]
[slidesigma.com/themes/html/mednalytics/pages/maps/vector-maps.html]
[slidesigma.com/themes/html/mednalytics/pages/prebuilt-pages/default-login.html]
[slidesigma.com/themes/html/mednalytics/pages/prebuilt-pages/modal-login.html]
[slidesigma.com/themes/html/mednalytics/pages/prebuilt-pages/lock-screen.html]
[slidesigma.com/themes/html/mednalytics/pages/prebuilt-pages/coming-soon.html]
[slidesigma.com/themes/html/mednalytics/pages/prebuilt-pages/error.html]
[slidesigma.com/themes/html/mednalytics/pages/prebuilt-pages/faq.html]
[slidesigma.com/themes/html/mednalytics/pages/prebuilt-pages/portfolio.html]
[slidesigma.com/themes/html/mednalytics/pages/prebuilt-pages/user-profile.html]
[slidesigma.com/themes/html/mednalytics/pages/prebuilt-pages/invoice.html]
[slidesigma.com/themes/html/mednalytics/pages/dashboard/web-analytics.html]
[slidesigma.com/themes/html/mednalytics/pages/dashboard/social-media.html]
[slidesigma.com/themes/html/mednalytics/pages/dashboard/project-management.html]
[slidesigma.com/themes/html/mednalytics/pages/dashboard/client-management.html]
[slidesigma.com/themes/html/mednalytics/pages/apps/chat.html]
[slidesigma.com/themes/html/mednalytics/pages/apps/email.html]
[slidesigma.com/themes/html/mednalytics/pages/apps/to-do-list.html]
[slidesigma.com/themes/html/mednalytics/assets/img/mednalytics-logo-84x41.png]
[slidesigma.com/themes/html/mednalytics/assets/img/portfolio/gallery-4-760x260.jpg]
[slidesigma.com/themes/html/mednalytics/assets/img/dashboard/doctor-1.jpg]
[slidesigma.com/themes/html/mednalytics/assets/img/dashboard/doctor-2.jpg]
[slidesigma.com/themes/html/mednalytics/assets/img/dashboard/doctor-4.jpg]
[slidesigma.com/themes/html/mednalytics/assets/img/dashboard/patient-1.jpg]
[slidesigma.com/themes/html/mednalytics/assets/img/dashboard/patient-5.jpg]
[slidesigma.com/themes/html/mednalytics/assets/img/dashboard/patient-6.jpg]
[slidesigma.com/themes/html/mednalytics/assets/img/dashboard/patient-8.jpg]
[slidesigma.com/themes/html/mednalytics/assets/img/dashboard/doctor-5.jpg]
[slidesigma.com/themes/html/mednalytics/assets/img/dashboard/patient-3.jpg]
[slidesigma.com/themes/html/mednalytics/assets/img/dashboard/patient-2.jpg]
[slidesigma.com/themes/html/mednalytics/assets/img/dashboard/patient-4.jpg]
[slidesigma.com/themes/html/mednalytics/assets/js/jquery-3.3.1.min.js]
[slidesigma.com/themes/html/mednalytics/assets/js/popper.min.js]
[slidesigma.com/themes/html/mednalytics/assets/js/bootstrap.min.js]
[slidesigma.com/themes/html/mednalytics/assets/js/perfect-scrollbar.js]
[slidesigma.com/themes/html/mednalytics/assets/js/jquery-ui.min.js]
[slidesigma.com/themes/html/mednalytics/assets/js/d3.v3.min.js]
[slidesigma.com/themes/html/mednalytics/assets/js/topojson.v1.min.js]
[slidesigma.com/themes/html/mednalytics/assets/js/datamaps.all.min.js]
[slidesigma.com/themes/html/mednalytics/assets/js/slick.min.js]
[slidesigma.com/themes/html/mednalytics/assets/js/moment.js]
[slidesigma.com/themes/html/mednalytics/assets/js/jquery.webticker.min.js]
[slidesigma.com/themes/html/mednalytics/assets/js/Chart.bundle.min.js]
[slidesigma.com/themes/html/mednalytics/assets/js/index-chart.js]
[slidesigma.com/themes/html/mednalytics/assets/js/calendar.js]
[slidesigma.com/themes/html/mednalytics/assets/js/framework.js]
[slidesigma.com/themes/html/mednalytics/assets/js/settings.js]
[slidesigma.com/themes/html/mednalytics/index.html]
[slidesigma.com/themes/html/mednalytics/vendors/iconic-fonts/font-awesome/webfonts/fa-brands-400.eot]
[slidesigma.com/themes/html/mednalytics/vendors/iconic-fonts/font-awesome/webfonts/fa-brands-400d41d.eot]
[slidesigma.com/themes/html/mednalytics/vendors/iconic-fonts/font-awesome/webfonts/fa-brands-400.woff2]
[slidesigma.com/themes/html/mednalytics/vendors/iconic-fonts/font-awesome/webfonts/fa-brands-400.woff]
[slidesigma.com/themes/html/mednalytics/vendors/iconic-fonts/font-awesome/webfonts/fa-brands-400.ttf]
[slidesigma.com/themes/html/mednalytics/vendors/iconic-fonts/font-awesome/webfonts/fa-regular-400.eot]
[slidesigma.com/themes/html/mednalytics/vendors/iconic-fonts/font-awesome/webfonts/fa-regular-400.woff2]
[slidesigma.com/themes/html/mednalytics/vendors/iconic-fonts/font-awesome/webfonts/fa-regular-400d41d.eot]
[slidesigma.com/themes/html/mednalytics/vendors/iconic-fonts/font-awesome/webfonts/fa-regular-400.woff]
[slidesigma.com/themes/html/mednalytics/vendors/iconic-fonts/font-awesome/webfonts/fa-regular-400.ttf]
[slidesigma.com/themes/html/mednalytics/vendors/iconic-fonts/font-awesome/webfonts/fa-solid-900.eot]
[slidesigma.com/themes/html/mednalytics/vendors/iconic-fonts/font-awesome/webfonts/fa-solid-900.woff2]
[slidesigma.com/themes/html/mednalytics/vendors/iconic-fonts/font-awesome/webfonts/fa-solid-900d41d.eot]
[slidesigma.com/themes/html/mednalytics/vendors/iconic-fonts/font-awesome/webfonts/fa-solid-900.woff]
[slidesigma.com/themes/html/mednalytics/vendors/iconic-fonts/font-awesome/webfonts/fa-solid-900.ttf]
[slidesigma.com/themes/html/mednalytics/vendors/iconic-fonts/font-awesome/css/all.min.css]
[slidesigma.com/themes/html/mednalytics/vendors/iconic-fonts/flat-icons/Flaticon.eot]
[slidesigma.com/themes/html/mednalytics/vendors/iconic-fonts/flat-icons/Flaticond41d.eot]
[slidesigma.com/themes/html/mednalytics/vendors/iconic-fonts/flat-icons/Flaticon.woff2]
[slidesigma.com/themes/html/mednalytics/vendors/iconic-fonts/flat-icons/Flaticon.woff]
[slidesigma.com/themes/html/mednalytics/vendors/iconic-fonts/flat-icons/Flaticon.ttf]
[slidesigma.com/themes/html/mednalytics/vendors/iconic-fonts/flat-icons/flaticon.css]
[slidesigma.com/themes/html/mednalytics/vendors/iconic-fonts/cryptocoins/cryptocoins.woff2]
[slidesigma.com/themes/html/mednalytics/vendors/iconic-fonts/cryptocoins/cryptocoins.woff]
[slidesigma.com/themes/html/mednalytics/vendors/iconic-fonts/cryptocoins/cryptocoins.ttf]
[slidesigma.com/themes/html/mednalytics/vendors/iconic-fonts/cryptocoins/cryptocoins.css]
[slidesigma.com/themes/html/mednalytics/vendors/iconic-fonts/cryptocoins/cryptocoins-colors.css]
[slidesigma.com/themes/html/mednalytics/assets/css/bootstrap.min.css]
[slidesigma.com/themes/html/mednalytics/assets/img/others/ui-icons_444444_256x240.93.delayed]
[slidesigma.com/themes/html/mednalytics/assets/img/others/ui-icons_555555_256x240.94.delayed]
[slidesigma.com/themes/html/mednalytics/assets/img/others/ui-icons_ffffff_256x240.95.delayed]
[slidesigma.com/themes/html/mednalytics/assets/img/others/ui-icons_777620_256x240.96.delayed]
[slidesigma.com/themes/html/mednalytics/assets/img/others/ui-icons_cc0000_256x240.97.delayed]
[slidesigma.com/themes/html/mednalytics/assets/img/others/ui-icons_777777_256x240.98.delayed]
[slidesigma.com/themes/html/mednalytics/assets/css/jquery-ui.min.css]
[slidesigma.com/themes/html/mednalytics/assets/css/slick.css]
[slidesigma.com/themes/html/mednalytics/assets/fonts/Lato-Regular.ttf]
[slidesigma.com/themes/html/mednalytics/assets/fonts/Lato-Medium.ttf]
[slidesigma.com/themes/html/mednalytics/assets/fonts/Lato-Bold.ttf]
[slidesigma.com/themes/html/mednalytics/assets/img/default-login-1000x700.jpg]
[slidesigma.com/themes/html/mednalytics/assets/img/lock-screen-1920x1080.jpg]
[slidesigma.com/themes/html/mednalytics/assets/img/coming-soon-1920x1080.jpg]
[slidesigma.com/themes/html/mednalytics/assets/img/user-profile-bg-1920x400.jpg]
[slidesigma.com/themes/html/mednalytics/assets/css/style.css]
[slidesigma.com/themes/html/mednalytics/assets/css/morris.css]
[slidesigma.com/themes/html/mednalytics/index-2.html]
[slidesigma.com/themes/html/mednalytics/pages/doctor/add-doctor.html]
[slidesigma.com/themes/html/mednalytics/assets/js/Chart.Financial.js]
[slidesigma.com/themes/html/mednalytics/pages/doctor/doctor-list.html]
[slidesigma.com/themes/html/mednalytics/pages/patient/add-patient.html]
[slidesigma.com/themes/html/mednalytics/assets/js/datatables.min.js]
[slidesigma.com/themes/html/mednalytics/assets/js/data-tables.js]
[slidesigma.com/themes/html/mednalytics/pages/patient/patient-list.html]
[slidesigma.com/themes/html/mednalytics/pages/department/add-department.html]
[slidesigma.com/themes/html/mednalytics/assets/js/department.js]
[slidesigma.com/themes/html/mednalytics/pages/department/department-list.html]
[slidesigma.com/themes/html/mednalytics/pages/doctor-schedule/add-schedule.html]
[slidesigma.com/themes/html/mednalytics/assets/js/schedule.js]
[slidesigma.com/themes/html/mednalytics/pages/doctor-schedule/schedule-list.html]
[slidesigma.com/themes/html/mednalytics/pages/appointment/add-appointment.html]
[slidesigma.com/themes/html/mednalytics/pages/appointment/appointment-list.html]
[slidesigma.com/themes/html/mednalytics/pages/payment/add-payment.html]
[slidesigma.com/themes/html/mednalytics/pages/payment/payment-list.html]
[slidesigma.com/themes/html/mednalytics/pages/payment/payment-invoice.html]
[slidesigma.com/themes/html/mednalytics/assets/js/social-media.js]
[slidesigma.com/themes/html/mednalytics/pages/report/patient-report.html]
[slidesigma.com/themes/html/mednalytics/assets/js/doctor-report.js]
[slidesigma.com/themes/html/mednalytics/pages/report/doctor-report.html]
[slidesigma.com/themes/html/mednalytics/pages/report/total-report.html]
[slidesigma.com/themes/html/mednalytics/pages/human-resource/add-employee.html]
[slidesigma.com/themes/html/mednalytics/pages/human-resource/employee-list.html]
[slidesigma.com/themes/html/mednalytics/pages/human-resource/add-nurse.html]
[slidesigma.com/themes/html/mednalytics/pages/human-resource/nurse-list.html]
[slidesigma.com/themes/html/mednalytics/pages/human-resource/add-pharmacist.html]
[slidesigma.com/themes/html/mednalytics/pages/human-resource/pharmacist-list.html]
[slidesigma.com/themes/html/mednalytics/pages/human-resource/add-representative.html]
[slidesigma.com/themes/html/mednalytics/pages/human-resource/representative-list.html]
[slidesigma.com/themes/html/mednalytics/pages/bed-manager/add-bed.html]
[slidesigma.com/themes/html/mednalytics/pages/bed-manager/bed-list.html]
[slidesigma.com/themes/html/mednalytics/pages/notice/add-notice.html]
[slidesigma.com/themes/html/mednalytics/pages/notice/notice-list.html]
[slidesigma.com/themes/html/mednalytics/assets/img/dashboard/widgets/country-1.jpg]
[slidesigma.com/themes/html/mednalytics/assets/img/dashboard/widgets/country-2.jpg]
[slidesigma.com/themes/html/mednalytics/assets/img/dashboard/widgets/country-3.jpg]
[slidesigma.com/themes/html/mednalytics/assets/img/dashboard/widgets/country-4.jpg]
[slidesigma.com/themes/html/mednalytics/assets/img/dashboard/widgets/country-5.jpg]
[slidesigma.com/themes/html/mednalytics/assets/img/dashboard/doctor-banner-1000x370.jpg]
[slidesigma.com/themes/html/mednalytics/assets/js/widgets.js]
[slidesigma.com/themes/html/mednalytics/pages/widgets.html]
[slidesigma.com/themes/html/mednalytics/pages/ui-basic/accordions.html]
[slidesigma.com/themes/html/mednalytics/pages/ui-basic/alerts.html]
[slidesigma.com/themes/html/mednalytics/pages/ui-basic/buttons.html]
[slidesigma.com/themes/html/mednalytics/pages/ui-basic/breadcrumbs.html]
[slidesigma.com/themes/html/mednalytics/pages/ui-basic/badges.html]
[slidesigma.com/themes/html/mednalytics/assets/img/basic/card-1.jpg]
[slidesigma.com/themes/html/mednalytics/assets/img/basic/card-2.jpg]
[slidesigma.com/themes/html/mednalytics/assets/img/basic/card-3.jpg]
[slidesigma.com/themes/html/mednalytics/assets/img/basic/card-4.jpg]
[slidesigma.com/themes/html/mednalytics/pages/ui-basic/cards.html]
[slidesigma.com/themes/html/mednalytics/pages/ui-basic/progress-bars.html]
[slidesigma.com/themes/html/mednalytics/pages/ui-basic/preloaders.html]
[slidesigma.com/themes/html/mednalytics/pages/ui-basic/pagination.html]
[slidesigma.com/themes/html/mednalytics/pages/ui-basic/tabs.html]
[slidesigma.com/themes/html/mednalytics/pages/ui-basic/typography.html]
[slidesigma.com/themes/html/mednalytics/pages/ui-advanced/draggables.html]
[slidesigma.com/themes/html/mednalytics/assets/img/advance/slider-2-1040x300.jpg]
[slidesigma.com/themes/html/mednalytics/assets/img/advance/slider-3-1040x300.jpg]
[slidesigma.com/themes/html/mednalytics/assets/img/advance/slider-1-1040x300.jpg]
[slidesigma.com/themes/html/mednalytics/assets/img/advance/slider-1.jpg]
[slidesigma.com/themes/html/mednalytics/assets/img/advance/slider-2.jpg]
[slidesigma.com/themes/html/mednalytics/assets/img/advance/slider-3.jpg]
[slidesigma.com/themes/html/mednalytics/pages/ui-advanced/sliders.html]
[slidesigma.com/themes/html/mednalytics/pages/ui-advanced/modals.html]
[slidesigma.com/themes/html/mednalytics/pages/ui-advanced/rating.html]
[slidesigma.com/themes/html/mednalytics/assets/js/driver.min.js]
[slidesigma.com/themes/html/mednalytics/assets/js/tour.js]
[slidesigma.com/themes/html/mednalytics/pages/ui-advanced/tour.html]
[slidesigma.com/themes/html/mednalytics/assets/img/cropper-1280x720.jpg]
[slidesigma.com/themes/html/mednalytics/assets/js/cropper.min.js]
[slidesigma.com/themes/html/mednalytics/assets/js/crop.js]
[slidesigma.com/themes/html/mednalytics/pages/ui-advanced/cropper.html]
[slidesigma.com/themes/html/mednalytics/assets/js/ion.rangeSlider.min.js]
[slidesigma.com/themes/html/mednalytics/assets/js/range-slider.js]
[slidesigma.com/themes/html/mednalytics/pages/ui-advanced/range-slider.html]
[slidesigma.com/themes/html/mednalytics/assets/js/animate.js]
[slidesigma.com/themes/html/mednalytics/pages/animation.html]
[slidesigma.com/themes/html/mednalytics/pages/form/form-elements.html]
[slidesigma.com/themes/html/mednalytics/assets/img/payment/payment-payoneer.png]
[slidesigma.com/themes/html/mednalytics/assets/img/payment/payment-visa.png]
[slidesigma.com/themes/html/mednalytics/assets/img/payment/payment-paypal.png]
[slidesigma.com/themes/html/mednalytics/assets/img/payment/payment-master.png]
[slidesigma.com/themes/html/mednalytics/pages/form/form-layout.html]
[slidesigma.com/themes/html/mednalytics/pages/form/form-validation.html]
[slidesigma.com/themes/html/mednalytics/assets/js/jquery.steps.min.js]
[slidesigma.com/themes/html/mednalytics/assets/js/form-wizard.js]
[slidesigma.com/themes/html/mednalytics/pages/form/form-wizard.html]
[slidesigma.com/themes/html/mednalytics/assets/js/charts.js]
[slidesigma.com/themes/html/mednalytics/pages/charts/chartjs.html]
[slidesigma.com/themes/html/mednalytics/assets/js/raphael.min.js]
[slidesigma.com/themes/html/mednalytics/assets/js/morris.min.js]
[slidesigma.com/themes/html/mednalytics/assets/js/morris-charts.js]
[slidesigma.com/themes/html/mednalytics/pages/charts/morris-charts.html]
[slidesigma.com/themes/html/mednalytics/pages/tables/basic-tables.html]
[slidesigma.com/themes/html/mednalytics/pages/tables/data-tables.html]
[slidesigma.com/themes/html/mednalytics/assets/js/promise.min.js]
[slidesigma.com/themes/html/mednalytics/assets/js/sweetalert2.min.js]
[slidesigma.com/themes/html/mednalytics/assets/js/sweet-alerts.js]
[slidesigma.com/themes/html/mednalytics/pages/popups/sweet-alerts.html]
[slidesigma.com/themes/html/mednalytics/assets/js/toastr.min.js]
[slidesigma.com/themes/html/mednalytics/assets/js/toast.js]
[slidesigma.com/themes/html/mednalytics/pages/popups/toast.html]
[slidesigma.com/themes/html/mednalytics/pages/icons/fontawesome.html]
[slidesigma.com/themes/html/mednalytics/pages/icons/flaticons.html]
[slidesigma.com/themes/html/mednalytics/pages/icons/materialize.html]
[slidesigma.com/themes/html/mednalytics/assets/js/google-maps.js]
[slidesigma.com/themes/html/mednalytics/pages/maps/google-maps.html]
[slidesigma.com/themes/html/mednalytics/assets/js/vector-maps.js]
[slidesigma.com/themes/html/mednalytics/pages/maps/vector-maps.html]
[slidesigma.com/themes/html/mednalytics/assets/img/others/facebook.png]
[slidesigma.com/themes/html/mednalytics/assets/img/others/google.png]
[slidesigma.com/themes/html/mednalytics/pages/prebuilt-pages/default-login.html]
[slidesigma.com/themes/html/mednalytics/assets/js/web-analytics.js]
[slidesigma.com/themes/html/mednalytics/pages/prebuilt-pages/modal-login.html]
[slidesigma.com/themes/html/mednalytics/pages/prebuilt-pages/lock-screen.html]
[slidesigma.com/themes/html/mednalytics/assets/js/jquery.countdown.min.js]
[slidesigma.com/themes/html/mednalytics/pages/prebuilt-pages/coming-soon.html]
[slidesigma.com/themes/html/mednalytics/pages/prebuilt-pages/error.html]
[slidesigma.com/themes/html/mednalytics/pages/prebuilt-pages/faq.html]
[slidesigma.com/themes/html/mednalytics/assets/img/portfolio/gallery-1-700x270.jpg]
[slidesigma.com/themes/html/mednalytics/assets/img/portfolio/gallery-1-700x540.jpg]
[slidesigma.com/themes/html/mednalytics/assets/img/portfolio/gallery-2-700x540.jpg]
[slidesigma.com/themes/html/mednalytics/assets/img/portfolio/gallery-2-700x270.jpg]
[slidesigma.com/themes/html/mednalytics/assets/img/portfolio/gallery-3-700x270.jpg]
[slidesigma.com/themes/html/mednalytics/assets/img/portfolio/gallery-3-700x540.jpg]
[slidesigma.com/themes/html/mednalytics/pages/prebuilt-pages/portfolio.html]
[slidesigma.com/themes/html/mednalytics/pages/prebuilt-pages/user-profile.html]
[slidesigma.com/themes/html/mednalytics/pages/prebuilt-pages/invoice.html]
[slidesigma.com/themes/html/mednalytics/pages/dashboard/web-analytics.html]
[slidesigma.com/themes/html/mednalytics/assets/img/dashboard/employee-list/employee-(3).jpg]
[slidesigma.com/themes/html/mednalytics/assets/img/dashboard/employee-list/employee-(4).jpg]
[slidesigma.com/themes/html/mednalytics/assets/img/dashboard/employee-list/employee-(1).jpg]
[slidesigma.com/themes/html/mednalytics/assets/img/dashboard/employee-list/employee-(2).jpg]
[slidesigma.com/themes/html/mednalytics/assets/img/dashboard/employee-list/employee-(6).jpg]
[slidesigma.com/themes/html/mednalytics/assets/img/dashboard/employee-list/employee-(5).jpg]
[slidesigma.com/themes/html/mednalytics/assets/img/dashboard/employee-list/employee-(7).jpg]
[slidesigma.com/themes/html/mednalytics/pages/dashboard/social-media.html]
[slidesigma.com/themes/html/mednalytics/assets/js/project-management.js]
[slidesigma.com/themes/html/mednalytics/pages/dashboard/project-management.html]
[slidesigma.com/themes/html/mednalytics/assets/js/client-managemenet.js]
[slidesigma.com/themes/html/mednalytics/pages/dashboard/client-management.html]
[slidesigma.com/themes/html/mednalytics/assets/img/dashboard/employee-list/employee-(8).jpg]
[slidesigma.com/themes/html/mednalytics/pages/apps/chat.html]
[slidesigma.com/themes/html/mednalytics/pages/apps/email.html]
[slidesigma.com/themes/html/mednalytics/pages/apps/to-do-list.html]
[slidesigma.com/themes/html/mednalytics/vendors/iconic-fonts/font-awesome/webfonts/fa-brands-400.svg]
[slidesigma.com/themes/html/mednalytics/vendors/iconic-fonts/font-awesome/webfonts/fa-regular-400.svg]
[slidesigma.com/themes/html/mednalytics/vendors/iconic-fonts/font-awesome/webfonts/fa-solid-900.svg]
[slidesigma.com/themes/html/mednalytics/vendors/iconic-fonts/flat-icons/Flaticon.svg]
[slidesigma.com/themes/html/mednalytics/assets/img/others/ui-icons_444444_256x240.html]
[slidesigma.com/themes/html/mednalytics/assets/img/others/ui-icons_555555_256x240.html]
[slidesigma.com/themes/html/mednalytics/assets/img/others/ui-icons_ffffff_256x240.html]
[slidesigma.com/themes/html/mednalytics/assets/img/others/ui-icons_777620_256x240.html]
[slidesigma.com/themes/html/mednalytics/assets/img/others/ui-icons_cc0000_256x240.html]
[slidesigma.com/themes/html/mednalytics/assets/img/others/ui-icons_777777_256x240.html]
[slidesigma.com/themes/html/mednalytics/assets/css/datatables.min.css]
[slidesigma.com/themes/html/mednalytics/assets/css/driver.min.css]
[slidesigma.com/themes/html/mednalytics/assets/css/cropper.min.css]
[slidesigma.com/themes/html/mednalytics/assets/css/ion.rangeSlider.min.css]
[slidesigma.com/themes/html/mednalytics/assets/css/animate.min.css]
[slidesigma.com/themes/html/mednalytics/assets/css/sweetalert2.min.css]
[slidesigma.com/themes/html/mednalytics/assets/css/toastr.min.css]
[slidesigma.com/themes/html/mednalytics/pages/prebuilt-pages/default-register.html]
[slidesigma.com/themes/html/mednalytics/pages/prebuilt-pages/modal-register.html]
[slidesigma.com/themes/html/mednalytics/assets/js/coming-soon.js]
